// Jest Snapshot v1, https://goo.gl/fbAQLP

exports[`The textbook tests parses test/testcases/test8.tig correctly 1`] = `""`;

exports[`The textbook tests parses test/testcases/test9.tig correctly 1`] = `""`;

exports[`The textbook tests parses test/testcases/test10.tig correctly 1`] = `""`;

exports[`The textbook tests parses test/testcases/test11.tig correctly 1`] = `
"test/testcases/test11.tig:3.9:syntax error: inserting  ASSIGN
"
`;

exports[`The textbook tests parses test/testcases/test12.tig correctly 1`] = `
"test/testcases/test12.tig:4.2:syntax error: inserting  LBRACK
test/testcases/test12.tig:5.1:syntax error: inserting  RBRACK
test/testcases/test12.tig:6.26:syntax error: replacing  PLUS with  ASSIGN
test/testcases/test12.tig:6.30:syntax error: inserting  BREAK
"
`;

exports[`The textbook tests parses test/testcases/test13.tig correctly 1`] = `""`;

exports[`The textbook tests parses test/testcases/test15.tig correctly 1`] = `""`;

exports[`The textbook tests parses test/testcases/test20.tig correctly 1`] = `
"test/testcases/test20.tig:3.19:syntax error: replacing  PLUS with  ASSIGN
test/testcases/test20.tig:3.23:syntax error: inserting  BREAK
"
`;

exports[`The textbook tests parses test/testcases/test26.tig correctly 1`] = `""`;

exports[`The textbook tests parses test/testcases/test37.tig correctly 1`] = `
"test/testcases/test37.tig:4.2:syntax error: inserting  LBRACK
test/testcases/test37.tig:5.2:syntax error: replacing  VAR with  PLUS
test/testcases/test37.tig:6.1:syntax error: inserting  RBRACK
"
`;

exports[`The textbook tests parses test/testcases/test44.tig correctly 1`] = `
"test/testcases/test44.tig:4.2:syntax error: deleting  TYPE ID EQ
test/testcases/test44.tig:4.17:syntax error: deleting  LBRACE ID COLON
test/testcases/test44.tig:4.23:syntax error: deleting  ID COMMA ID
test/testcases/test44.tig:4.33:syntax error: deleting  COLON ID RBRACE
test/testcases/test44.tig:5.2:syntax error: inserting  LBRACK
test/testcases/test44.tig:5.7:syntax error: replacing  COLON with  ASSIGN
test/testcases/test44.tig:7.1:syntax error: inserting  RBRACK
"
`;
